# Remove trailing whitespace from output lines

```ocaml
# let x = 13;;
val x : int = 13
```

```sh
$ echo "bob  "
bob
```
