Error in the OCaml code block in test-case.md at line 4:
./not_found.ml: No such file or directory
