It's possible to run cram tests in separate directories:


```sh dir=../lib
$ ls ./mdx.ml
ls: ./mdx.ml: No such file or directory
[1]
```
