<section id="test0--toto--and-titi" class="level1">
<h1>Test0, -toto- and titi</h1>
<p>toto</p>
</section>
<section id="test-toto-and-titi" class="level1">
<h1>Test1, -toto- and titi!</h1>
<p>titi</p>
</section>
<section id="test2-and-titi" class="level1">
<h1>Test2, <toto> and titi!</h1>
<p>yo!</p>
</section>
<section id="test3-toto-and-titi" class="level1">
<h1>Test3, <span class="toto">toto</a> and titi!</h1>
<p>haha!!</p>
</section>
<section id="test4-toto-a.nd.-io" class="level1">
<h1>â€“Test4, ?toto! a.nd. I/O</h1>
<p>foo</p>
<div class="highlight">
<pre><code class="language-ocaml">type &lt;record-name&gt; =
    { &lt;field&gt; : &lt;type&gt;;
      &lt;field&gt; : &lt;type&gt;;
      ...
    }</code></pre>
</div>
</section>
