#4 "skip.md"
let () = assert true
;;
#13 "skip.md"
let () = assert true
;;
