#5 "test-case.md"


let x =

  5

;;
#15 "test-case.md"
  let x = 1
  
  in x
#21 "test-case.md"
  3
#25 "test-case.md"
  Printf.printf "foo\n\nbar\n"
;;
