only one of --prelude or --prelude-str shoud be used
